[argoxi.neocities.org/index.html]
[backblue.gif]
[fade.gif]
[index.html]
[argoxi.neocities.org/stylesheets/style.css]
[argoxi.neocities.org/graphics/custom/frame2.png]
[argoxi.neocities.org/graphics/custom/tl2.png]
[argoxi.neocities.org/graphics/custom/top2.png]
[argoxi.neocities.org/graphics/custom/tr2.png]
[argoxi.neocities.org/graphics/custom/left2.png]
[argoxi.neocities.org/sitemap.html]
[argoxi.neocities.org/about.html]
[argoxi.neocities.org/links.html]
[argoxi.neocities.org/newspaper.html]
[argoxi.neocities.org/gallery.html]
[argoxi.neocities.org/wardrobe.html]
[argoxi.neocities.org/fanpages/bg3.html]
[argoxi.neocities.org/oc/Yuval.html]
[argoxi.neocities.org/bookshelf/kanjoushiki.html]
[argoxi.neocities.org/bookshelf/junkdump.html]
[argoxi.neocities.org/bookshelf.html]
[argoxi.neocities.org/fanpages/jyushi.html]
[argoxi.neocities.org/bookshelf/pieceofcipher.html]
[argoxi.neocities.org/graphics/custom/right2.png]
[argoxi.neocities.org/graphics/custom/bl2.png]
[argoxi.neocities.org/graphics/custom/bottom2.png]
[argoxi.neocities.org/graphics/custom/br2.png]
[argoxi.neocities.org/graphics/custom/ghost2.png]
[argoxi.neocities.org/graphics/custom/crack.png]
[argoxi.neocities.org/graphics/custom/heart.png]
[argoxi.neocities.org/graphics/custom/skull.png]
[argoxi.neocities.org/graphics/custom/hand.png]
[code.jquery.com/jquery-3.6.0.min.js]
[argoxi.neocities.org/index.html]
[argoxi.neocities.org/scripts/functions.js]
[argoxi.neocities.org/bookshelf/cinnamon-philosophy/button002_black_empty.gif]
[argoxi.neocities.org/bookshelf/cinnamon-philosophy/button002_white_empty.gif]
[argoxi.neocities.org/graphics/NEOHIMEISM/repeat-lace004.gif]
[argoxi.neocities.org/graphics/custom/play-gif.png]
[argoxi.neocities.org/stylesheets/style.css]
[argoxi.neocities.org/borderimagetest.html]
[argoxi.neocities.org/graphics/LAMETEA/dp13_1.gif]
[argoxi.neocities.org/graphics/across/TL1.gif]
[argoxi.neocities.org/graphics/across/TOP1.gif]
[argoxi.neocities.org/graphics/across/TR1.gif]
[argoxi.neocities.org/graphics/across/LEFT1.gif]
[files.catbox.moe/nej0zh.png]
[argoxi.neocities.org/fanpages/jun.html]
[argoxi.neocities.org/templates/prefect/prefect.html]
[argoxi.neocities.org/sozai.html]
[argoxi.neocities.org/colorstcg/argoxicolours.html]
[argoxi.neocities.org/graphics/across/RIGHT1.gif]
[argoxi.neocities.org/graphics/across/BL1.gif]
[argoxi.neocities.org/graphics/across/BOTTOM1.gif]
[argoxi.neocities.org/graphics/across/BR1.gif]
[argoxi.neocities.org/sitemap.html]
[argoxi.neocities.org/scripts/jquery.js]
[argoxi.neocities.org/graphics/main/sumikkomushie.jpg]
[moods.imood.com/display/uname-argoxi/fg-808080/bg-000000/imood.gif]
[argoxi.neocities.org/about.html]
[argoxi.neocities.org/graphics/across/LEFT.gif]
[argoxi.neocities.org/graphics/across/RIGHT.gif]
[argoxi.neocities.org/graphics/across/BL.gif]
[argoxi.neocities.org/graphics/across/BOTTOM.gif]
[argoxi.neocities.org/graphics/across/BR.gif]
[argoxi.neocities.org/ARGOXIBUTTON.gif]
[argoxi.neocities.org/buttons/feargarden.gif]
[argoxi.neocities.org/buttons/divabutton.png]
[argoxi.neocities.org/buttons/HELLOKITTYMINIGUN.png]
[argoxi.neocities.org/buttons/ita-button2.gif]
[argoxi.neocities.org/buttons/vampireautopsy.png]
[argoxi.neocities.org/buttons/lyckev2.gif]
[argoxi.neocities.org/buttons/TOPHATCATS.gif]
[argoxi.neocities.org/buttons/sage.png]
[argoxi.neocities.org/buttons/monsieurdoll.png]
[argoxi.neocities.org/buttons/filledepierrot.jpg]
[argoxi.neocities.org/buttons/gloomlee-button.png]
[argoxi.neocities.org/buttons/pumpkinninja88X31.gif]
[argoxi.neocities.org/buttons/NEOHIMEISM.png]
[argoxi.neocities.org/buttons/across2.gif]
[argoxi.neocities.org/buttons/bongraphics.png]
[argoxi.neocities.org/buttons/asterism.gif]
[argoxi.neocities.org/buttons/lametea.gif]
[argoxi.neocities.org/buttons/sweety.jp.gif]
[argoxi.neocities.org/buttons/blinkiesCafe-badge.gif]
[argoxi.neocities.org/buttons/lovesick-button3.gif]
[argoxi.neocities.org/buttons/nuange.gif]
[argoxi.neocities.org/buttons/bizarrebanner.png]
[argoxi.neocities.org/buttons/nefbutton.gif]
[argoxi.neocities.org/buttons/cinni_angelbutton3.gif]
[argoxi.neocities.org/graphics/fanlistings/psoh5050.png]
[argoxi.neocities.org/graphics/fanlistings/parakiss5050.gif]
[argoxi.neocities.org/graphics/fanlistings/miwako50x502.gif]
[argoxi.neocities.org/graphics/fanlistings/lizzie027.jpg]
[argoxi.neocities.org/graphics/fanlistings/grell50x50_04.png]
[argoxi.neocities.org/graphics/fanlistings/egl11.jpg]
[argoxi.neocities.org/graphics/fanlistings/leona50x50_03.png]
[argoxi.neocities.org/graphics/fanlistings/mhdolls50x50_2.png]
[argoxi.neocities.org/graphics/fanlistings/jrock50506.png]
[argoxi.neocities.org/graphics/fanlistings/LULU_50x50_3.png]
[argoxi.neocities.org/graphics/fanlistings/shiva_50x50_15.gif]
[argoxi.neocities.org/graphics/fanlistings/Ysayle_50x50_2.png]
[argoxi.neocities.org/graphics/fanlistings/Astarion_13.png]
[argoxi.neocities.org/graphics/fanlistings/baldursgate350x50-031226.png]
[argoxi.neocities.org/graphics/fanlistings/yumenikki_50x50e.png]
[argoxi.neocities.org/graphics/stamps/meikostamp1.png]
[argoxi.neocities.org/graphics/stamps/meikostamp2.gif]
[argoxi.neocities.org/graphics/stamps/meikostamp3.png]
[argoxi.neocities.org/graphics/stamps/meikostamp4.gif]
[argoxi.neocities.org/graphics/stamps/meikomikuluka.png]
[argoxi.neocities.org/graphics/stamps/meiluka2.png]
[argoxi.neocities.org/graphics/stamps/muffy.png]
[argoxi.neocities.org/graphics/stamps/walker.png]
[argoxi.neocities.org/graphics/stamps/foxlover.png]
[argoxi.neocities.org/graphics/stamps/yusuke1.png]
[argoxi.neocities.org/graphics/stamps/haru1.png]
[argoxi.neocities.org/graphics/stamps/eikichi.gif]
[argoxi.neocities.org/graphics/stamps/yusuke2.png]
[argoxi.neocities.org/graphics/stamps/haru2.png]
[argoxi.neocities.org/graphics/stamps/yusuke3.gif]
[argoxi.neocities.org/graphics/stamps/d4zfo0d-a1482817-be8a-423b-b25b-3314085d0017.png]
[argoxi.neocities.org/graphics/stamps/ib.gif]
[argoxi.neocities.org/graphics/stamps/handmade.png]
[argoxi.neocities.org/graphics/stamps/starryskies.gif]
[argoxi.neocities.org/graphics/stamps/mush1.gif]
[argoxi.neocities.org/graphics/stamps/mush2.png]
[argoxi.neocities.org/graphics/stamps/mush3.png]
[argoxi.neocities.org/graphics/stamps/mushcookie.png]
[argoxi.neocities.org/graphics/stamps/ramuda.png]
[argoxi.neocities.org/graphics/stamps/otomedissection.gif]
[argoxi.neocities.org/graphics/stamps/chuunibyo.gif]
[argoxi.neocities.org/graphics/stamps/twobreaths.gif]
[argoxi.neocities.org/graphics/stamps/whatsinside.gif]
[argoxi.neocities.org/graphics/stamps/ghostplays.gif]
[argoxi.neocities.org/graphics/stamps/bakabakabaka.gif]
[argoxi.neocities.org/graphics/stamps/nobodymakessense.gif]
[argoxi.neocities.org/graphics/stamps/spinalfluid.gif]
[argoxi.neocities.org/graphics/stamps/bat1.gif]
[argoxi.neocities.org/graphics/stamps/bat2.gif]
[argoxi.neocities.org/graphics/stamps/bat3.gif]
[argoxi.neocities.org/graphics/stamps/jyushi1.gif]
[argoxi.neocities.org/graphics/stamps/jyushi2.gif]
[argoxi.neocities.org/links.html]
[argoxi.neocities.org/scripts/freezeframe.js]
[argoxi.neocities.org/graphics/LAMETEA/dp1_s1.gif]
[argoxi.neocities.org/fanpages/jyushi/angel.png]
[argoxi.neocities.org/fanpages/bg3/skeleton.png]
[argoxi.neocities.org/fanpages/jun/pfp.png]
[argoxi.neocities.org/bookshelf/piece-of-cipher/ciphercover.png]
[argoxi.neocities.org/bookshelf/kanjou-shiki/kanjouthumbnail.jpg]
[argoxi.neocities.org/bookshelf/junk-dump/dumpcover.png]
[argoxi.neocities.org/oc/yuval/aes1.png]
[argoxi.neocities.org/templates/prefect/thumb.png]
[argoxi.neocities.org/graphics/asterism/lolita00-2.gif]
[argoxi.neocities.org/newspaper.html]
[argoxi.neocities.org/gallery/gallery2023.html]
[files.catbox.moe/hn6lj6.jpg]
[argoxi.neocities.org/gallery/thumbnails/71.jpg]
[files.catbox.moe/p1ymk0.jpg]
[argoxi.neocities.org/gallery/thumbnails/70.jpg]
[argoxi.neocities.org/gallery.html]
[argoxi.neocities.org/wardrobe/wardrobe.css]
[argoxi.neocities.org/wardrobe/wardrobe.js]
[argoxi.neocities.org/wardrobe/miranda.png]
[argoxi.neocities.org/wardrobe/millefeuille.png]
[argoxi.neocities.org/wardrobe/timewitch.png]
[argoxi.neocities.org/wardrobe/overture.png]
[argoxi.neocities.org/wardrobe/tenor.png]
[argoxi.neocities.org/wardrobe/conrad.png]
[argoxi.neocities.org/wardrobe/mannequin.png]
[argoxi.neocities.org/wardrobe.html]
[argoxi.neocities.org/fanpages/bg3/white-wall-3-2.png]
[argoxi.neocities.org/fanpages/bg3/paperalt.png]
[argoxi.neocities.org/fanpages/bg3/light-paper-fibers.png]
[argoxi.neocities.org/fanpages/bg3/dither_it_card-removebg-preview.png]
[argoxi.neocities.org/fanpages/bg3/bg3alt.html]
[argoxi.neocities.org/fanpages/bg3/dither_it_tumblr_mirror.png]
[argoxi.neocities.org/fanpages/bg3/dither_it_bottle.png]
[argoxi.neocities.org/fanpages/bg3/dither_it_letter1.png]
[argoxi.neocities.org/fanpages/bg3/dither_it_stamp(1).png]
[argoxi.neocities.org/fanpages/bg3/sunset.png]
[argoxi.neocities.org/fanpages/bg3/grave02_10.gif]
[argoxi.neocities.org/fanpages/bg3/gif1.gif]
[argoxi.neocities.org/fanpages/bg3/gif2.gif]
[argoxi.neocities.org/fanpages/bg3/gif3.gif]
[argoxi.neocities.org/fanpages/bg3.html]
[argoxi.neocities.org/oc/octemplate.css]
[argoxi.neocities.org/graphics/across/w12-1b.gif]
[argoxi.neocities.org/oc/yuval/pfp2.png]
[argoxi.neocities.org/graphics/ooparts/table23/hidariue.gif]
[argoxi.neocities.org/graphics/ooparts/table23/ue.gif]
[argoxi.neocities.org/graphics/ooparts/table23/migiue.gif]
[argoxi.neocities.org/graphics/ooparts/table23/hidari.gif]
[argoxi.neocities.org/graphics/ooparts/table23/migi.gif]
[argoxi.neocities.org/graphics/ooparts/table23/hidarisita.gif]
[argoxi.neocities.org/graphics/ooparts/table23/sita.gif]
[argoxi.neocities.org/graphics/ooparts/table23/migisita.gif]
[argoxi.neocities.org/oc/yuval/aes2.png]
[argoxi.neocities.org/oc/yuval/aes3.png]
[argoxi.neocities.org/oc/yuval/aes4.png]
[argoxi.neocities.org/oc/yuval/aes6.png]
[argoxi.neocities.org/oc/yuval/aes5.png]
[argoxi.neocities.org/oc/yuval/aes8.png]
[argoxi.neocities.org/oc/yuval/aes9.png]
[argoxi.neocities.org/oc/yuval/aes10.png]
[argoxi.neocities.org/oc/yuval/art1.png]
[argoxi.neocities.org/oc/yuval/thumb1.jpg]
[argoxi.neocities.org/oc/yuval/art2.jpg]
[argoxi.neocities.org/oc/yuval/thumb2.jpg]
[argoxi.neocities.org/oc/yuval/art3.png]
[argoxi.neocities.org/oc/yuval/thumb3.jpg]
[argoxi.neocities.org/oc/yuval/outfit1.png]
[argoxi.neocities.org/oc/yuval/outfit3.png]
[argoxi.neocities.org/oc/yuval/outfit2.png]
[argoxi.neocities.org/oc/Yuval.html]
[argoxi.neocities.org/graphics/across/10-1.gif]
[argoxi.neocities.org/graphics/across/10-back.gif]
[argoxi.neocities.org/graphics/across/10-0.gif]
[argoxi.neocities.org/bookshelf/kanjou-shiki/HAND.png]
[files.catbox.moe/gt96av.png]
[argoxi.neocities.org/bookshelf/kanjou-shiki/DOWNSCALE1.jpg]
[files.catbox.moe/6owq22.png]
[argoxi.neocities.org/bookshelf/kanjou-shiki/DOWNSCALE2.jpg]
[files.catbox.moe/6frt4r.png]
[argoxi.neocities.org/bookshelf/kanjou-shiki/DOWNSCALE3.jpg]
[files.catbox.moe/u7b5ak.png]
[argoxi.neocities.org/bookshelf/kanjou-shiki/DOWNSCALE4.jpg]
[files.catbox.moe/9wfoat.png]
[argoxi.neocities.org/bookshelf/kanjou-shiki/DOWNSCALE5.jpg]
[files.catbox.moe/wfg3um.png]
[argoxi.neocities.org/bookshelf/kanjou-shiki/DOWNSCALE6.jpg]
[argoxi.neocities.org/bookshelf/kanjoushiki.html]
[argoxi.neocities.org/bookshelf/junk-dump/background.jpg]
[argoxi.neocities.org/bookshelf/junk-dump/amiamiaug23edit.png]
[argoxi.neocities.org/bookshelf/junk-dump/losttree_0002.png]
[argoxi.neocities.org/bookshelf/junk-dump/SMASHSUN2023.png]
[argoxi.neocities.org/bookshelf/junk-dump/snoopy.png]
[argoxi.neocities.org/bookshelf/junk-dump/acnh_leaf.png]
[argoxi.neocities.org/bookshelf/junk-dump/bunny thing.png]
[argoxi.neocities.org/bookshelf/junk-dump/capsule toy.png]
[argoxi.neocities.org/bookshelf/junk-dump/dog bread.png]
[argoxi.neocities.org/bookshelf/junk-dump/hello kitty sticker.png]
[argoxi.neocities.org/bookshelf/junk-dump/hello kitty tag.png]
[argoxi.neocities.org/bookshelf/junk-dump/jyushi tag.png]
[argoxi.neocities.org/bookshelf/junk-dump/marroncream backing.png]
[argoxi.neocities.org/bookshelf/junk-dump/marroncream tag.png]
[argoxi.neocities.org/bookshelf/junk-dump/miku flyer.png]
[argoxi.neocities.org/bookshelf/junk-dump/mymelo grey.png]
[argoxi.neocities.org/bookshelf/junk-dump/mymelo teal.png]
[argoxi.neocities.org/bookshelf/junk-dump/sanrio amiibo.png]
[argoxi.neocities.org/bookshelf/junk-dump/sumikko note.png]
[argoxi.neocities.org/bookshelf/junk-dump/vivi note.png]
[argoxi.neocities.org/bookshelf/junkdump.html]
[argoxi.neocities.org/fanpages/bg3/dithered-image.png]
[argoxi.neocities.org/bookshelf.html]
[argoxi.neocities.org/graphics/asterism/lolita00-1.gif]
[argoxi.neocities.org/fanpages/jyushi/jyushifunctions.js]
[argoxi.neocities.org/graphics/lovesick/gray-white-diamond-bg.png]
[argoxi.neocities.org/graphics/lovesick/soft-lace.png]
[argoxi.neocities.org/graphics/across/l4-1c.gif]
[argoxi.neocities.org/graphics/across/l2-2a.gif]
[argoxi.neocities.org/graphics/LAMETEA/dp17_4.gif]
[argoxi.neocities.org/graphics/main/spinningmoon.gif]
[argoxi.neocities.org/graphics/lovesick/ribbon-lacing-blk.png]
[argoxi.neocities.org/fanpages/jyushi/thumbnails/1.png]
[argoxi.neocities.org/fanpages/jyushi/thumbnails/2.png]
[argoxi.neocities.org/fanpages/jyushi/thumbnails/3.png]
[argoxi.neocities.org/fanpages/jyushi/thumbnails/4.png]
[argoxi.neocities.org/fanpages/jyushi/thumbnails/5.png]
[argoxi.neocities.org/fanpages/jyushi/thumbnails/6.png]
[argoxi.neocities.org/fanpages/jyushi/thumbnails/7.png]
[argoxi.neocities.org/fanpages/jyushi/thumbnails/a_t_5385.jpg]
[argoxi.neocities.org/fanpages/jyushi/jyushichibi.png]
[argoxi.neocities.org/fanpages/jyushi.html]
[argoxi.neocities.org/bookshelf/pieceofcipher.html]
[argoxi.neocities.org/stylesheets/fonts.css]
[argoxi.neocities.org/collections.html]
[argoxi.neocities.org/graphics/across/w12-1a.gif]
[argoxi.neocities.org/graphics/across/l3-1b.gif]
[argoxi.neocities.org/graphics/across/l2-1b.gif]
[argoxi.neocities.org/graphics/across/TL.gif]
[argoxi.neocities.org/graphics/across/TOP.gif]
[argoxi.neocities.org/graphics/across/TR.gif]
[argoxi.neocities.org/fanpages/jun/distress.png]
[argoxi.neocities.org/fanpages/jun/vday.png]
[argoxi.neocities.org/fanpages/jun/distress2.png]
[argoxi.neocities.org/fanpages/jun/jun-suzaki-zack.gif]
[argoxi.neocities.org/fanpages/jun/sanrio.png]
[argoxi.neocities.org/fanpages/jun/kimisute.png]
[argoxi.neocities.org/fanpages/jun/kimisute-art.png]
[argoxi.neocities.org/fanpages/jun.html]
[argoxi.neocities.org/templates/prefect/prefect.css]
[argoxi.neocities.org/templates/prefect/BOOKMARK.png]
[argoxi.neocities.org/templates/prefect/PFPFRAME.png]
[argoxi.neocities.org/templates/prefect/prefect.html]
[argoxi.neocities.org/stylesheets/sozaistyles.css]
[argoxi.neocities.org/graphics/lovesick/flannel-blk.jpg]
[argoxi.neocities.org/graphics/NEOHIMEISM/tab022_w/1.gif]
[argoxi.neocities.org/graphics/NEOHIMEISM/tab022_w/2.gif]
[argoxi.neocities.org/graphics/NEOHIMEISM/tab022_w/3.gif]
[argoxi.neocities.org/graphics/NEOHIMEISM/tab022_w/4.gif]
[argoxi.neocities.org/graphics/NEOHIMEISM/tab022_w/6.gif]
[argoxi.neocities.org/graphics/NEOHIMEISM/tab022_w/7.gif]
[argoxi.neocities.org/graphics/NEOHIMEISM/tab022_w/8.gif]
[argoxi.neocities.org/graphics/NEOHIMEISM/tab022_w/9.gif]
[argoxi.neocities.org/graphics/asterism/1-gray/1.gif]
[argoxi.neocities.org/graphics/asterism/1-gray/3.gif]
[argoxi.neocities.org/graphics/asterism/1-gray/4.gif]
[argoxi.neocities.org/graphics/asterism/1-gray/5.gif]
[argoxi.neocities.org/graphics/asterism/1-gray/6.gif]
[argoxi.neocities.org/graphics/asterism/1-gray/7.gif]
[argoxi.neocities.org/graphics/asterism/1-gray/8.gif]
[argoxi.neocities.org/graphics/fatgrrlz/vaporeonR.gif]
[argoxi.neocities.org/buttons/fatgrrlz.gif]
[argoxi.neocities.org/graphics/ooparts/tenshitable/hidari-crwt1.gif]
[argoxi.neocities.org/graphics/ooparts/tenshitable/migi-crwt1.gif]
[argoxi.neocities.org/graphics/ooparts/tenshitable/hidari-crwt2.gif]
[argoxi.neocities.org/buttons/op-bana-882.gif]
[argoxi.neocities.org/graphics/ooparts/tenshitable/migi-crwt2.gif]
[argoxi.neocities.org/graphics/ooparts/tenshitable/hidari-crwt3.gif]
[argoxi.neocities.org/graphics/ooparts/tenshitable/migi-crwt3.gif]
[argoxi.neocities.org/graphics/lsdx69/melt01c_01.gif]
[argoxi.neocities.org/graphics/lsdx69/melt01c_02.gif]
[argoxi.neocities.org/graphics/lsdx69/melt01c_b.gif]
[argoxi.neocities.org/graphics/lsdx69/melt01c_a.gif]
[argoxi.neocities.org/buttons/bana01.gif]
[argoxi.neocities.org/sozai.html]
[argoxi.neocities.org/graphics/lsdx69/melt01c_03.gif]
[argoxi.neocities.org/colorstcg/style.css]
[argoxi.neocities.org/colorstcg/UPDATEkeepingcards.js]
[argoxi.neocities.org/colorstcg/UPDATEtradingcards.js]
[argoxi.neocities.org/colorstcg/UPDATEfuturecards.js]
[argoxi.neocities.org/colorstcg/UPDATEplayerinfo.js]
[argoxi.neocities.org/colorstcg/UPDATElogs.js]
[argoxi.neocities.org/colorstcg/argoxicolours.html]
[adilene.net/webring/alternate/meiko.html]
[argoxi.neocities.org/scripts/showWebring.html]
[adilene.net/webring/webring-variables.html]
[adilene.net/webring/alternate/meiko-widget.html]
[kit.fontawesome.com/f936906ae0.html]
[fatgrrlz.neocities.org/buttons/button.html]
[argoxi.neocities.org/colorstcg/functions.js]
[files.catbox.moe/ddtolg.png]
[argoxi.neocities.org/gallery/thumbnails/69.jpg]
[files.catbox.moe/dce8xz.jpg]
[argoxi.neocities.org/gallery/thumbnails/68.jpg]
[files.catbox.moe/m3wjz0.png]
[argoxi.neocities.org/gallery/thumbnails/67.jpg]
[files.catbox.moe/9mh04k.jpg]
[argoxi.neocities.org/gallery/thumbnails/66.jpg]
[files.catbox.moe/e5k8dk.jpg]
[argoxi.neocities.org/gallery/thumbnails/65.jpg]
[files.catbox.moe/tjkah4.jpg]
[argoxi.neocities.org/gallery/thumbnails/64.jpg]
[files.catbox.moe/fzde2e.jpg]
[argoxi.neocities.org/gallery/thumbnails/63.jpg]
[files.catbox.moe/44kbol.jpg]
[argoxi.neocities.org/gallery/thumbnails/62.jpg]
[argoxi.neocities.org/gallery/thumbnails/61.jpg]
[argoxi.neocities.org/gallery/thumbnails/60.jpg]
[argoxi.neocities.org/gallery/thumbnails/59.jpg]
[files.catbox.moe/z3vyfg.jpg]
[files.catbox.moe/0k6znh.jpg]
[argoxi.neocities.org/gallery/thumbnails/57.jpg]
[files.catbox.moe/h53j9n.jpg]
[argoxi.neocities.org/gallery/thumbnails/56.jpg]
[argoxi.neocities.org/gallery/thumbnails/55.jpg]
[argoxi.neocities.org/gallery/thumbnails/54.jpg]
[argoxi.neocities.org/gallery/thumbnails/53.jpg]
[argoxi.neocities.org/gallery/thumbnails/52.jpg]
[argoxi.neocities.org/gallery/thumbnails/51.jpg]
[argoxi.neocities.org/gallery/thumbnails/50.jpg]
[argoxi.neocities.org/gallery/thumbnails/49.jpg]
[argoxi.neocities.org/gallery/thumbnails/48.jpg]
[argoxi.neocities.org/gallery/thumbnails/47.jpg]
[argoxi.neocities.org/gallery/thumbnails/46.jpg]
[argoxi.neocities.org/gallery/thumbnails/45.jpg]
[argoxi.neocities.org/gallery/thumbnails/44.jpg]
[argoxi.neocities.org/gallery/thumbnails/43.jpg]
[argoxi.neocities.org/gallery/thumbnails/42.jpg]
[argoxi.neocities.org/gallery/thumbnails/41.jpg]
[argoxi.neocities.org/gallery/thumbnails/40.jpg]
[argoxi.neocities.org/gallery/thumbnails/39.jpg]
[argoxi.neocities.org/gallery/thumbnails/38.jpg]
[argoxi.neocities.org/gallery/thumbnails/37.jpg]
[argoxi.neocities.org/gallery/thumbnails/36.jpg]
[argoxi.neocities.org/gallery/thumbnails/35.jpg]
[argoxi.neocities.org/gallery/thumbnails/24.jpg]
[argoxi.neocities.org/gallery/thumbnails/33.jpg]
[argoxi.neocities.org/gallery/thumbnails/32.jpg]
[argoxi.neocities.org/gallery/thumbnails/31.jpg]
[argoxi.neocities.org/gallery/thumbnails/30.jpg]
[argoxi.neocities.org/gallery/thumbnails/29.jpg]
[argoxi.neocities.org/gallery/thumbnails/28.jpg]
[argoxi.neocities.org/gallery/thumbnails/27.jpg]
[argoxi.neocities.org/gallery/thumbnails/26.jpg]
[argoxi.neocities.org/gallery/thumbnails/25.jpg]
[argoxi.neocities.org/gallery/thumbnails/23.jpg]
[argoxi.neocities.org/gallery/thumbnails/22.jpg]
[argoxi.neocities.org/gallery/thumbnails/21.jpg]
[argoxi.neocities.org/gallery/thumbnails/20.jpg]
[argoxi.neocities.org/gallery/thumbnails/19.jpg]
[argoxi.neocities.org/gallery/thumbnails/18.jpg]
[argoxi.neocities.org/gallery/thumbnails/17.jpg]
[argoxi.neocities.org/gallery/thumbnails/16.jpg]
[argoxi.neocities.org/gallery/thumbnails/15.jpg]
[argoxi.neocities.org/gallery/thumbnails/14.jpg]
[argoxi.neocities.org/gallery/thumbnails/13.jpg]
[argoxi.neocities.org/gallery/thumbnails/12.jpg]
[argoxi.neocities.org/gallery/thumbnails/11.jpg]
[argoxi.neocities.org/gallery/thumbnails/10.jpg]
[argoxi.neocities.org/gallery/thumbnails/9.jpg]
[argoxi.neocities.org/gallery/thumbnails/8.jpg]
[argoxi.neocities.org/gallery/thumbnails/7.jpg]
[argoxi.neocities.org/gallery/thumbnails/6.jpg]
[argoxi.neocities.org/gallery/thumbnails/5.jpg]
[argoxi.neocities.org/gallery/thumbnails/4.jpg]
[argoxi.neocities.org/gallery/thumbnails/3.jpg]
[argoxi.neocities.org/gallery/thumbnails/2.jpg]
[argoxi.neocities.org/gallery/thumbnails/1.jpg]
[argoxi.neocities.org/gallery/gallery2023.html]
[argoxi.neocities.org/wardrobe/wardrobe.css]
[argoxi.neocities.org/fanpages/bg3/bg3alt.html]
[argoxi.neocities.org/oc/octemplate.css]
[cdn.discordapp.com/attachments/977549029380591686/1018141902874361937/cinnamonphilosophy_0002EDIT.png]
[argoxi.neocities.org/templates/prefect/prefect.css]
[cdn.discordapp.com/attachments/967263907838316574/1101927534519660624/BA22AD30-20F8-4161-8E98-A2858B82A90D.png]
[argoxi.neocities.org/templates/prefect/IMAGE URL.html]
[cdn.discordapp.com/attachments/977549029380591686/1102155026882891776/image.png]
[argoxi.neocities.org/graphics/NEOHIMEISM/repeat-glitter001.gif]
[argoxi.neocities.org/graphics/NEOHIMEISM/line015/line015_003.gif]
[argoxi.neocities.org/bookshelf/junk-dump/fuwakororin sanrio.png]
[argoxi.neocities.org/graphics/across/w4-1b.gif]
[argoxi.neocities.org/graphics/across/l2-1a.gif]
[argoxi.neocities.org/graphics/asterism/mushroom1-red1.gif]
[argoxi.neocities.org/graphics/asterism/ribbon2-12.gif]
[argoxi.neocities.org/graphics/asterism/1-gray/2.gif]
[argoxi.neocities.org/graphics/fatgrrlz/spooky-cats/bg.gif]
[argoxi.neocities.org/graphics/fatgrrlz/spooky-cats/border.png]
[argoxi.neocities.org/graphics/ooparts/tenshitable/top-crwt.gif]
[argoxi.neocities.org/stylesheets/sozaistyles.css]
[argoxi.neocities.org/graphics/ooparts/tenshitable/un-crwt.gif]
[argoxi.neocities.org/colorstcg/style.css]
[argoxi.neocities.org/gallery/graphics/across/LEFT.html]
[argoxi.neocities.org/gallery/graphics/across/RIGHT.html]
[argoxi.neocities.org/gallery/graphics/across/BL.html]
[argoxi.neocities.org/gallery/graphics/across/BOTTOM.html]
[argoxi.neocities.org/gallery/graphics/across/BR.html]
[argoxi.neocities.org/gallery/graphics/across/TL1.html]
[argoxi.neocities.org/gallery/graphics/across/TOP1.html]
[argoxi.neocities.org/gallery/graphics/across/TR1.html]
[argoxi.neocities.org/gallery/graphics/across/LEFT1.html]
[cdn.discordapp.com/attachments/1079671976349679676/1155313432376119306/IMG_6366.jpg]
[cdn.discordapp.com/attachments/307441962192207872/1154373305957109790/IMG_2157.jpg]
[cdn.discordapp.com/attachments/955393316860600321/1151403810074402867/IMG_9185.png]
[cdn.discordapp.com/attachments/1079671976349679676/1141625772335960064/IMG_5699.JPG]
[cdn.discordapp.com/attachments/1079671976349679676/1141624325821169734/IMG_1622.JPG]
[cdn.discordapp.com/attachments/1079671976349679676/1141625775997595718/IMG_5698.JPG]
[cdn.discordapp.com/attachments/955393316860600321/1129387226950795306/F0vi781aAAE6k5_.jpg]
[cdn.discordapp.com/attachments/955393316860600321/1129386681351553047/tumblr_168ed474fc2a898743a5103f058cf261_7ccfabe5_1280.jpg]
[cdn.discordapp.com/attachments/1079671976349679676/1141624352345964644/IMG_4800.jpg]
[cdn.discordapp.com/attachments/1079671976349679676/1141627206238474271/IMG_4568.jpg]
[cdn.discordapp.com/attachments/1079671976349679676/1141623960803475456/IMG_4673.jpg]
[cdn.discordapp.com/attachments/955393316860600321/1122108315980279808/FzSSAVyaEAA4wf0.jpg]
[cdn.discordapp.com/attachments/1079671976349679676/1141612208007168121/IMG_4466.jpg]
[cdn.discordapp.com/attachments/955393316860600321/1122108292118872084/image.png]
[cdn.discordapp.com/attachments/1079671976349679676/1141612199727595531/IMG_4442.JPG]
[cdn.discordapp.com/attachments/955393316860600321/1122108454597820496/image.png]
[cdn.discordapp.com/attachments/955393316860600321/1109376011579166730/Fwf6FHoaQAAEOKG.jpg]
[cdn.discordapp.com/attachments/1079671976349679676/1141612773026058291/IMG_3591.JPG]
[cdn.discordapp.com/attachments/1079671976349679676/1141612757335146537/IMG_3614.JPG]
[cdn.discordapp.com/attachments/955393316860600321/1104374698164375693/FvLF_ROaUAAvpxY.png]
[cdn.discordapp.com/attachments/955393316860600321/1104374746168172544/FvLFdPEacAEF2Ar.png]
[media.discordapp.net/attachments/499672001850638336/1096076270103695514/IMG_8460.png]
[cdn.discordapp.com/attachments/1079671976349679676/1141612780131205120/IMG_3201.jpg]
[cdn.discordapp.com/attachments/1079671976349679676/1141612755678396496/7C50986D-46AC-4D5F-82C2-0FF935952E3D.JPG]
[cdn.discordapp.com/attachments/1079671976349679676/1141612776742211624/IMG_8453.jpg]
[cdn.discordapp.com/attachments/1079671976349679676/1141620659601014804/IMG_5697.JPG]
[cdn.discordapp.com/attachments/977549029380591686/1091325095223509073/tumblr_c58d27c2093e23b43da309b43200d4d7_2e179523_1280.jpg]
[cdn.discordapp.com/attachments/977549029380591686/1091325079331278899/tumblr_5781fc72dc932069320a3d741e8d6969_b07b8af6_1280.jpg]
[cdn.discordapp.com/attachments/977549029380591686/1079972052057985034/image.png]
[cdn.discordapp.com/attachments/1079671976349679676/1141620262341726259/IMG_2372.jpg]
[cdn.discordapp.com/attachments/977549029380591686/1079969143748567040/d726bfd292cd233b681e631eac8c31eba9eddad5.png]
[cdn.discordapp.com/attachments/1079671976349679676/1141612764608086088/92BFA1B6-1B28-466A-858E-5A8AD34731D8.JPG]
[cdn.discordapp.com/attachments/1079671976349679676/1141619715857453136/IMG_1932.JPG]
[cdn.discordapp.com/attachments/977549029380591686/1079969584821571676/ecde59c11eb5049de9163c4437e84422032ad463.png]
[cdn.discordapp.com/attachments/1079671976349679676/1141612991356354631/7BCD8274-8F04-405A-A8F8-47A56C69E9C9.JPG]
[cdn.discordapp.com/attachments/977549029380591686/1079969784130707516/9e679de7b2a970213505ee2161ee7658ec8a83f8.png]
[cdn.discordapp.com/attachments/948855328714412052/1049669982117703780/BA9AD033-C59E-4617-A9EA-231FF9F3D11C.png]
[cdn.discordapp.com/attachments/1079671976349679676/1141617568147329064/81AF101C-8165-419F-82E4-1BBA18360E56.JPEG]
[cdn.discordapp.com/attachments/955393316860600321/1014797870303543356/IMG_6458.png]
[cdn.discordapp.com/attachments/955393316860600321/1003553421456052315/unknown.png]
[cdn.discordapp.com/attachments/955393316860600321/1003560802034401320/red_teamupscale.png]
[cdn.discordapp.com/attachments/977549029380591686/1079969308525985885/d1d484c349cffb1c7aafdc278e5be12db7927c83.png]
[cdn.discordapp.com/attachments/955393316860600321/963457649746268180/6CA4BAE1-5983-4B27-8B96-EFA49047BC9A.png]
[cdn.discordapp.com/attachments/1079671976349679676/1141612999522648185/IMG_6012.jpg]
[cdn.discordapp.com/attachments/977549029380591686/1079970154399662110/dea27512d74d1e4c14343ef73fc025719c292c6e.png]
[cdn.discordapp.com/attachments/977549029380591686/1079970351729082428/8810b413e2b762a2cdeb88d6c302535102a368b0.png]
[cdn.discordapp.com/attachments/977549029380591686/1079970396029333524/6bd9f9329bdeba1feeadaabefdcfb31dcd78d426.png]
[cdn.discordapp.com/attachments/955393316860600321/976586159570440212/D7696B37-7CF7-4710-BB74-8062C1833D66.jpg]
[cdn.discordapp.com/attachments/955393316860600321/1003553307517788220/unknown.png]
[cdn.discordapp.com/attachments/977549029380591686/1079970449984864256/8d965fcc938bba25bd21e49569b502fc53894f6d.png]
[cdn.discordapp.com/attachments/955393316860600321/1003553957987225610/unknown.png]
[cdn.discordapp.com/attachments/977549029380591686/1079970934737358858/5f6b2a6c6c03b30d9a4bcc48d17c68cf3a90061f.png]
[cdn.discordapp.com/attachments/977549029380591686/1079970935374880838/79ae0bc1e1a403eb77ae4413500fbc0d469963cf.png]
[cdn.discordapp.com/attachments/977549029380591686/1079970936008233061/7933976bf3380ef80d60f1374d9fd469c5515b32.png]
[cdn.discordapp.com/attachments/977549029380591686/1079971574179954688/e2d8a63a97a59cc8d410d6dc92928a5b4f35f778.png]
[cdn.discordapp.com/attachments/977549029380591686/1079971011144994836/50afcd8605b40f21904a06a4433207f977f35db8.png]
[cdn.discordapp.com/attachments/977549029380591686/1079971061027835946/993023a254267fab662260804e81f43aa652c6b4.png]
[cdn.discordapp.com/attachments/1079671976349679676/1141612982162444360/IMG_4169.JPG]
[argoxi.neocities.org/gallery/graphics/across/RIGHT1.html]
[argoxi.neocities.org/gallery/graphics/across/BL1.html]
[argoxi.neocities.org/gallery/graphics/across/BOTTOM1.html]
[argoxi.neocities.org/gallery/graphics/across/BR1.html]
[argoxi.neocities.org/fanpages/bg3//stylesheets/style.html]
[argoxi.neocities.org/fanpages/bg3//stylesheets/fonts.html]
[cdn.discordapp.com/attachments/977549029380591686/1036505715818369135/dp1_s1.gif]
